Warning 3: Cannot find gdalvrt.xsd (GDAL_DATA is not defined)
루트 교차검증 | tol 25m | MC 3000판

  석계역        -> 공릉역          노원(기준)    1.97 km / 29.5분  채택
  태릉입구역      -> 화랑대역         노원        1.21 km / 18.1분  대역 밖
  노원역        -> 중계역          노원        1.16 km / 17.4분  대역 밖
  하계역        -> 공릉역          노원        1.28 km / 19.2분  대역 밖
  [skip] 길음역 -> 미아사거리역 : ConnectTimeout
  [skip] 성신여대입구역 -> 보문역 : InsufficientResponseError
  [skip] 광운대역 -> 월계역 : ConnectTimeout
  [skip] 상계역 -> 중계역 : ConnectTimeout

  채택 루트 1개로 구성별 90분 도착률을 비교한다.

  === 4:2 아이템 없음 ===
  루트                        | θ=40    θ=0   | 편차
  --------------------------------------------------------
  석계역        -> 공릉역          |   27.2%   27.2% |  0.0
  루트 간 범위 27.2% ~ 27.2%  (폭 0.0%p)

  === 4:2 재도전 2:1 ===
  루트                        | θ=40    θ=0   | 편차
  --------------------------------------------------------
  석계역        -> 공릉역          |   52.3%   47.3% |  5.0
  루트 간 범위 52.3% ~ 52.3%  (폭 0.0%p)

  === 5:2 아이템 없음 ===
  루트                        | θ=40    θ=0   | 편차
  --------------------------------------------------------
  석계역        -> 공릉역          |   36.8%   36.8% |  0.0
  루트 간 범위 36.8% ~ 36.8%  (폭 0.0%p)

  === 5:2 재도전 1:1 ===
  루트                        | θ=40    θ=0   | 편차
  --------------------------------------------------------
  석계역        -> 공릉역          |   47.0%   48.1% |  1.1
  루트 간 범위 47.0% ~ 47.0%  (폭 0.0%p)

  === 5:2 원정대 직진1+재도전1 / 쉐도우 직진1 ===
  루트                        | θ=40    θ=0   | 편차
  --------------------------------------------------------
  석계역        -> 공릉역          |   51.2%   53.4% |  2.2
  루트 간 범위 51.2% ~ 51.2%  (폭 0.0%p)
