Warning 3: Cannot find gdalvrt.xsd (GDAL_DATA is not defined)
구 전체 지도 기반 교차검증 | tol 25m | MC 3000판

    [geocode] 공릉역            37.62592, 127.07371
    [geocode] 광운대역           37.62370, 127.06182
    [geocode] 길음역            37.60479, 127.02608
    [geocode] 노원역            37.65637, 127.06348
    [geocode] 돌곶이역           37.61172, 127.05413
    [geocode] 마들역            37.66451, 127.05776
    [geocode] 미아사거리역         37.61179, 127.03045
    [retry 1] 보문역 : InsufficientResponseError
    [retry 2] 보문역 : InsufficientResponseError
    [retry 3] 보문역 : InsufficientResponseError
    [geocode] 상계역            37.65946, 127.07321
    [geocode] 상월곡역           37.60592, 127.04728
    [geocode] 석계역            37.61481, 127.06584
    [geocode] 성신여대입구역        37.59261, 127.01650
    [geocode] 안암역            37.58629, 127.02937
    [geocode] 월계역            37.63411, 127.05892
    [geocode] 월곡역            37.60192, 127.04146
    [geocode] 중계역            37.64730, 127.06288
    [geocode] 태릉입구역          37.61755, 127.07560
    [geocode] 하계역            37.63592, 127.06814
    [geocode] 한성대입구역         37.58839, 127.00617
    [geocode] 화랑대역           37.61978, 127.08371

  --- 노원구 ---
  병합 후 노드 1264 / 엣지 1900
  구 안에서 찾은 역 11개: 공릉역, 광운대역, 노원역, 마들역, 상계역, 석계역, 월계역, 중계역, 태릉입구역, 하계역, 화랑대역
  채택  상계역            -> 중계역             1.94 km / 29.1분
  채택  마들역            -> 중계역             2.00 km / 30.1분
  채택  태릉입구역          -> 화랑대역            2.03 km / 30.4분

  --- 성북구 ---
  병합 후 노드 1003 / 엣지 1482
  구 안에서 찾은 역 8개: 길음역, 돌곶이역, 미아사거리역, 상월곡역, 성신여대입구역, 안암역, 월곡역, 한성대입구역
  채택  안암역            -> 월곡역             2.03 km / 30.4분
  채택  길음역            -> 성신여대입구역         2.38 km / 35.6분


검증 루트 5개

  === 4:2 아이템 없음 (기준선) ===
  구      루트                            | θ=40    θ=0   | 편차
  ------------------------------------------------------------------
  노원구     상계역          -> 중계역            |   38.8%   38.8% |  0.0
  노원구     마들역          -> 중계역            |   37.9%   37.9% |  0.0
  노원구     태릉입구역        -> 화랑대역           |   64.2%   64.2% |  0.0
  성북구     안암역          -> 월곡역            |   68.7%   68.7% |  0.0
  성북구     길음역          -> 성신여대입구역        |   42.9%   42.9% |  0.0
  >> 루트 간 37.9% ~ 68.7%   폭 30.8%p

  === 4:2 재도전 2:1  <-- 권고안 ===
  구      루트                            | θ=40    θ=0   | 편차
  ------------------------------------------------------------------
  노원구     상계역          -> 중계역            |   54.4%   51.4% |  2.9
  노원구     마들역          -> 중계역            |   59.7%   58.1% |  1.6
  노원구     태릉입구역        -> 화랑대역           |   82.8%   79.3% |  3.6
  성북구     안암역          -> 월곡역            |   84.0%   83.7% |  0.3
  성북구     길음역          -> 성신여대입구역        |   66.8%   64.6% |  2.2
  >> 루트 간 54.4% ~ 84.0%   폭 29.7%p

  === 5:2 아이템 없음 ===
  구      루트                            | θ=40    θ=0   | 편차
  ------------------------------------------------------------------
  노원구     상계역          -> 중계역            |   55.1%   55.1% |  0.0
  노원구     마들역          -> 중계역            |   53.3%   53.3% |  0.0
  노원구     태릉입구역        -> 화랑대역           |   74.2%   74.2% |  0.0
  성북구     안암역          -> 월곡역            |   76.9%   76.9% |  0.0
  성북구     길음역          -> 성신여대입구역        |   54.4%   54.4% |  0.0
  >> 루트 간 53.3% ~ 76.9%   폭 23.6%p

  === 5:2 재도전 1:1  <-- 권고안 ===
  구      루트                            | θ=40    θ=0   | 편차
  ------------------------------------------------------------------
  노원구     상계역          -> 중계역            |   55.9%   59.7% |  3.8
  노원구     마들역          -> 중계역            |   59.8%   60.9% |  1.1
  노원구     태릉입구역        -> 화랑대역           |   77.7%   79.7% |  2.0
  성북구     안암역          -> 월곡역            |   82.6%   83.2% |  0.6
  성북구     길음역          -> 성신여대입구역        |   64.7%   63.2% |  1.5
  >> 루트 간 55.9% ~ 82.6%   폭 26.7%p

