Warning 3: Cannot find gdalvrt.xsd (GDAL_DATA is not defined)
동일 구성 원반 지도 4개로 루트 교차검증 | MC 3000판
채택 조건: 양 끝 역이 원반 중심 1400m 이내, 도보 1.2~2.4 km

  [석계역_공릉역] 노드 912 | 중심 1400m 안의 역 4개: 공릉역, 광운대역, 석계역, 태릉입구역
  [노원역_중계역] 노드 1147 | 중심 1400m 안의 역 3개: 노원역, 마들역, 중계역
  [태릉입구역_화랑대역] 노드 869 | 중심 1400m 안의 역 4개: 공릉역, 석계역, 태릉입구역, 화랑대역
  [하계역_공릉역] 노드 982 | 중심 1400m 안의 역 4개: 공릉역, 광운대역, 월계역, 하계역

  채택 루트 12개

  지도                루트                      거리   도보  | 기준선           재도전 2:1     
  --------------------------------------------------------------------------------------------
  석계역_공릉역            공릉역       ->석계역         1.97km  29.5분 |        22.9%         42.8%
  석계역_공릉역            광운대역      ->석계역         1.58km  23.7분 |        53.8%         76.2%
  석계역_공릉역            광운대역      ->태릉입구역       2.17km  32.6분 |        43.6%         67.5%
  노원역_중계역            마들역       ->중계역         2.00km  30.1분 |        38.1%         59.4%
  태릉입구역_화랑대역         공릉역       ->석계역         1.97km  29.5분 |        22.6%         41.9%
  태릉입구역_화랑대역         공릉역       ->화랑대역        1.89km  28.4분 |        55.3%         77.2%
  태릉입구역_화랑대역         석계역       ->화랑대역        2.38km  35.7분 |        28.4%         56.0%
  태릉입구역_화랑대역         태릉입구역     ->화랑대역        1.21km  18.1분 |        71.2%         86.4%
  하계역_공릉역            공릉역       ->월계역         1.90km  28.5분 |        47.9%         71.9%
  하계역_공릉역            공릉역       ->하계역         1.28km  19.2분 |        74.6%         86.4%
  하계역_공릉역            광운대역      ->월계역         1.43km  21.5분 |        62.1%         80.7%
  하계역_공릉역            광운대역      ->하계역         2.12km  31.8분 |        32.7%         56.8%

  === 루트 간 산포 (4:2, 90분) ===
  기준선           22.6% ~ 74.6%   폭 52.0%p
  재도전 2:1       41.9% ~ 86.4%   폭 44.5%p
