Warning 3: Cannot find gdalvrt.xsd (GDAL_DATA is not defined)
루트 지형 특징 vs 난이도 | 루트 60개 | 구성 재도전 1:1 | MC 1200판
  루트 60개 확보

  ... 10/60
  ... 20/60
  ... 30/60
  ... 40/60
  ... 50/60
  ... 60/60

  === 원정대 승률과의 상관계수 ===
  지표      상관     해석
  --------------------------------------------------------
  도보 시간        -0.37    높을수록 원정대 불리
  갈림길 수        -0.40    높을수록 원정대 불리
  직진성          -0.03    높을수록 원정대 불리
  주변 고리/km     -0.07    높을수록 원정대 불리
  막다른길 비율      -0.16    높을수록 원정대 불리
  갈래 평균        +0.27    높을수록 원정대 유리

  가장 강한 예측변수: 갈림길 수 (|r| = 0.40)

  === 어려운 루트 15개 vs 쉬운 루트 15개 평균 ===
  지표          어려움    쉬움    차이
  ------------------------------------------------
  승률           37.4%    60.2%
  도보 시간          30.18   27.97    -2.21
  갈림길 수           8.47    6.60    -1.87
  직진성             0.62    0.61    -0.01
  주변 고리/km       10.19    9.67    -0.53
  막다른길 비율         0.33    0.29    -0.03
  갈래 평균           5.94    7.16    +1.22
