Warning 3: Cannot find gdalvrt.xsd (GDAL_DATA is not defined)
tol 25m | 라운드당 4초 | MC 4000판 | <<< = 90분 45~55%
  노드 912 / 엣지 1357 | 방해 없는 도보 29.5분

############ 4 : 2  (쉐도우 갈림길승률 33.3%) ############
  아이템 없음 기준선: 60분 13.2% / 90분 27.2%

  원정대(승/직/재)      쉐도우        | 90분 θ=40  θ=0  | 편차 | 60분 θ=40
  ----------------------------------------------------------------------------
  0/0/1   재도전1          없음            |   46.6%   39.3% |  7.3 |   30.5% <<<
  0/0/2   재도전2                        |   62.6%   54.4% |  8.1 |   42.5%
  0/1/1   직진1+재도전1                    |   54.6%   46.0% |  8.6 |   38.3% <<<
  1/0/1   승리1+재도전1                    |   57.1%   46.0% | 11.1 |   39.7%
  1/1/1   승리1+직진1+재도전1                |   66.2%   54.4% | 11.8 |   50.0%
  1/1/2   승리1+직진1+재도전2                |   79.4%   66.2% | 13.2 |   61.1%
  ----------------------------------------------------------------------------
  0/0/1   재도전1          직진1만  <-- 나온 의견 |   42.0%   35.2% |  6.7 |   26.7%
  0/0/2   재도전2                        |   57.6%   49.4% |  8.1 |   38.2%
  0/1/1   직진1+재도전1                    |   50.0%   41.0% |  9.0 |   34.2% <<<
  1/0/1   승리1+재도전1                    |   52.0%   41.0% | 11.0 |   35.3% <<<
  1/1/1   승리1+직진1+재도전1                |   60.0%   49.3% | 10.7 |   44.4%
  1/1/2   승리1+직진1+재도전2                |   73.3%   63.2% | 10.1 |   52.2%
  ----------------------------------------------------------------------------
  0/0/1   재도전1          재도전1만         |   37.2%   34.3% |  2.9 |   21.9%
  0/0/2   재도전2                        |   52.2%   47.9% |  4.3 |   31.9% <<<
  0/1/1   직진1+재도전1                    |   40.4%   36.8% |  3.5 |   25.2%
  1/0/1   승리1+재도전1                    |   43.3%   36.8% |  6.5 |   25.8%
  1/1/1   승리1+직진1+재도전1                |   52.9%   42.2% | 10.7 |   32.1% <<<
  1/1/2   승리1+직진1+재도전2                |   66.6%   55.1% | 11.5 |   40.6%
  ----------------------------------------------------------------------------
  0/0/1   재도전1          각 1개          |   17.8%   22.7% |  4.9 |    5.5%
  0/0/2   재도전2                        |   24.9%   35.6% | 10.8 |    8.5%
  0/1/1   직진1+재도전1                    |   12.6%   17.3% |  4.7 |    0.0%
  1/0/1   승리1+재도전1                    |   14.9%   23.4% |  8.5 |    2.5%
  1/1/1   승리1+직진1+재도전1                |   16.6%   13.2% |  3.4 |    0.0%
  1/1/2   승리1+직진1+재도전2                |   22.6%   20.4% |  2.2 |    0.0%
  ----------------------------------------------------------------------------

############ 5 : 2  (쉐도우 갈림길승률 28.6%) ############
  아이템 없음 기준선: 60분 18.6% / 90분 37.1%

  원정대(승/직/재)      쉐도우        | 90분 θ=40  θ=0  | 편차 | 60분 θ=40
  ----------------------------------------------------------------------------
  0/0/1   재도전1          없음            |   59.4%   52.4% |  7.0 |   34.5%
  0/0/2   재도전2                        |   72.2%   66.9% |  5.2 |   41.3%
  0/1/1   직진1+재도전1                    |   60.6%   58.6% |  1.9 |   35.8%
  1/0/1   승리1+재도전1                    |   69.8%   58.6% | 11.1 |   45.7%
  1/1/1   승리1+직진1+재도전1                |   70.8%   65.5% |  5.3 |   45.5%
  1/1/2   승리1+직진1+재도전2                |   79.7%   75.7% |  4.0 |   49.4%
  ----------------------------------------------------------------------------
  0/0/1   재도전1          직진1만  <-- 나온 의견 |   51.4%   47.2% |  4.2 |   29.9% <<<
  0/0/2   재도전2                        |   61.7%   61.7% |  0.0 |   36.0%
  0/1/1   직진1+재도전1                    |   51.2%   53.2% |  2.0 |   29.6% <<<
  1/0/1   승리1+재도전1                    |   59.3%   53.2% |  6.1 |   37.2%
  1/1/1   승리1+직진1+재도전1                |   61.5%   60.7% |  0.8 |   37.8%
  1/1/2   승리1+직진1+재도전2                |   69.2%   73.6% |  4.4 |   42.2%
  ----------------------------------------------------------------------------
  0/0/1   재도전1          재도전1만         |   46.9%   47.7% |  0.7 |   23.9% <<<
  0/0/2   재도전2                        |   57.0%   62.5% |  5.5 |   27.9%
  0/1/1   직진1+재도전1                    |   48.1%   51.2% |  3.1 |   24.6% <<<
  1/0/1   승리1+재도전1                    |   58.0%   51.2% |  6.8 |   30.6%
  1/1/1   승리1+직진1+재도전1                |   59.3%   53.7% |  5.6 |   31.4%
  1/1/2   승리1+직진1+재도전2                |   68.9%   66.3% |  2.6 |   34.2%
  ----------------------------------------------------------------------------
  0/0/1   재도전1          각 1개          |   10.3%   32.0% | 21.7 |    0.0%
  0/0/2   재도전2                        |   12.5%   44.0% | 31.5 |    0.0%
  0/1/1   직진1+재도전1                    |   10.4%   26.1% | 15.7 |    0.0%
  1/0/1   승리1+재도전1                    |   10.8%   30.2% | 19.4 |    0.0%
  1/1/1   승리1+직진1+재도전1                |   11.2%   21.1% |  9.9 |    0.0%
  1/1/2   승리1+직진1+재도전2                |   13.9%   31.9% | 17.9 |    0.0%
  ----------------------------------------------------------------------------

############ 타이브레이크 규칙 (양팀 다 무조건승리 보유 시) ############
  원정대   쉐도우  | 대표1:1(현행)  전원6인(제안) |  차이
  ------------------------------------------------------------
  1/1/1    1/1/1   |        16.7%          16.6% |  -0.1%p
  1/1/1    1/0/1   |        22.1%          23.4% |  +1.3%p
  1/0/1    1/1/1   |        16.0%          14.9% |  -1.0%p
  1/0/1    1/0/1   |        19.5%          18.3% |  -1.2%p
  2/1/1    1/1/1   |        22.3%          24.8% |  +2.5%p
  2/1/1    1/0/1   |        29.4%          33.7% |  +4.3%p
