Warning 3: Cannot find gdalvrt.xsd (GDAL_DATA is not defined)
4:2 | tol 25m | 라운드당 4초 | 쉐도우 갈림길승률 33.3% | MC 4000판
  노드 912 / 엣지 1357 | 방해 없는 도보 29.5분

  === θ=40  아껴 씀 (치명적 갈림길에만) ===
  원정대  쉐도우 |  60분내   90분내  | 중앙(분) | 설명
  --------------------------------------------------------------------------
  0/0/0   0/0/0  |   13.2%    27.2%  |    152   | 아이템 없음 (기준선)
  1/1/1   1/1/1  |   22.2%    37.7%  |    126   | 양팀 대칭 — 각 1개씩
  1/1/1   0/0/1  |   32.1%    52.9%  |     83   | 쉐도우는 재도전권만 <<<
  1/1/1   0/0/0  |   50.0%    66.2%  |     60   | 쉐도우 아이템 없음
  0/0/1   0/0/1  |   21.9%    37.2%  |    122   | 양팀 재도전권 1개만
  0/0/2   0/0/1  |   31.9%    52.2%  |     87   | 재도전 2 : 1 <<<
  0/0/2   0/0/0  |   42.5%    62.6%  |     67   | 원정대 재도전 2, 쉐도우 없음
  0/0/3   0/0/1  |   34.9%    59.7%  |     78   | 재도전 3 : 1
  1/0/2   0/0/1  |   34.3%    57.5%  |     78   | 원정대 승리1+재도전2, 쉐도우 재도전1
  1/0/2   1/0/1  |   31.9%    52.2%  |     87   | 위와 같되 쉐도우도 승리1 <<<
  2/0/2   1/0/1  |   38.4%    59.7%  |     76   | 원정대 승리2+재도전2
  1/0/1   0/0/0  |   39.7%    57.1%  |     75   | 원정대 승리1+재도전1, 쉐도우 없음

  === θ=0   보이면 바로 씀 ===
  원정대  쉐도우 |  60분내   90분내  | 중앙(분) | 설명
  --------------------------------------------------------------------------
  0/0/0   0/0/0  |   13.2%    27.2%  |    152   | 아이템 없음 (기준선)
  1/1/1   1/1/1  |   17.9%    33.5%  |    136   | 양팀 대칭 — 각 1개씩
  1/1/1   0/0/1  |   25.9%    42.2%  |    113   | 쉐도우는 재도전권만
  1/1/1   0/0/0  |   39.5%    54.4%  |     82   | 쉐도우 아이템 없음 <<<
  0/0/1   0/0/1  |   19.7%    34.3%  |    128   | 양팀 재도전권 1개만
  0/0/2   0/0/1  |   30.9%    47.9%  |     96   | 재도전 2 : 1 <<<
  0/0/2   0/0/0  |   38.0%    54.4%  |     81   | 원정대 재도전 2, 쉐도우 없음 <<<
  0/0/3   0/0/1  |   40.3%    59.8%  |     72   | 재도전 3 : 1
  1/0/2   0/0/1  |   33.9%    50.1%  |     90   | 원정대 승리1+재도전2, 쉐도우 재도전1 <<<
  1/0/2   1/0/1  |   30.9%    47.9%  |     96   | 위와 같되 쉐도우도 승리1 <<<
  2/0/2   1/0/1  |   36.3%    54.8%  |     80   | 원정대 승리2+재도전2 <<<
  1/0/1   0/0/0  |   30.9%    46.0%  |    100   | 원정대 승리1+재도전1, 쉐도우 없음 <<<

  <<< 표시 = 90분 기준 45~55%% (균형권). 90분인 이유는 30분 연장권을
      원정대가 사실상 항상 쓰기 때문이다.

  === 인원을 5:2 로 (쉐도우 갈림길승률 28.6%) ===
  원정대  쉐도우 |  60분내   90분내  | 중앙(분) | 설명
  --------------------------------------------------------------------------
  0/0/0   0/0/0  |   18.6%    37.1%  |    115   | 아이템 없음 (θ=40)
  0/0/0   0/0/0  |   18.6%    37.1%  |    115   | 아이템 없음 (θ=0)
  0/0/1   0/0/1  |   23.9%    46.9%  |     96   | 양팀 재도전권 1 (θ=40) <<<
  0/0/1   0/0/1  |   27.2%    47.7%  |     94   | 양팀 재도전권 1 (θ=0) <<<
  0/0/2   0/0/1  |   27.9%    57.0%  |     81   | 재도전 2 : 1 (θ=40)
  0/0/2   0/0/1  |   39.6%    62.5%  |     66   | 재도전 2 : 1 (θ=0)
  1/1/1   1/1/1  |   20.0%    40.1%  |    108   | 양팀 대칭 각 1개 (θ=40)
  1/1/1   1/1/1  |   27.2%    44.6%  |    102   | 양팀 대칭 각 1개 (θ=0)
