Warning 3: Cannot find gdalvrt.xsd (GDAL_DATA is not defined)
보정: tol 25m | 라운드당 4초 | 4:2 -> 쉐도우 33.3%
  노드 912 / 엣지 1357
  방해 없는 도보 29.5분 | 기대 소요(아이템 없음) 194.3분

  === 기준선 (아이템 없음) ===
  60분 도착  13.2% | 90분 도착  26.6% | 중앙 도착시간 153분
  실측 6판 중 1승(16.7%) 과 대조하십시오.

  === 아이템별 효과 (θ = Δ 문턱, 분) ===
  아이템          개수   θ     60분내    90분내   기준선대비(90분)
  ------------------------------------------------------------------
  1 무조건승리         1      0    14.6%    29.4%     +2.8%p
  1 무조건승리         1     10    14.6%    29.4%     +2.8%p
  1 무조건승리         1     20    14.6%    29.4%     +2.8%p
  1 무조건승리         1     40    17.4%    33.4%     +6.8%p
  1 무조건승리         2      0    21.2%    36.2%     +9.6%p
  1 무조건승리         2     10    21.2%    36.2%     +9.6%p
  1 무조건승리         2     20    21.2%    36.2%     +9.6%p
  1 무조건승리         2     40    26.9%    45.3%    +18.7%p
  ------------------------------------------------------------------
  2 스킵·직진         1      0    13.7%    26.3%     -0.4%p
  2 스킵·직진         1     10    13.7%    26.3%     -0.4%p
  2 스킵·직진         1     20    13.7%    26.3%     -0.4%p
  2 스킵·직진         1     40     4.6%    16.9%     -9.7%p
  2 스킵·직진         2      0    14.7%    27.6%     +1.0%p
  2 스킵·직진         2     10    14.7%    27.6%     +1.0%p
  2 스킵·직진         2     20    15.2%    28.2%     +1.6%p
  2 스킵·직진         2     40     1.4%    17.0%     -9.6%p
  ------------------------------------------------------------------
  3 재도전권          1      0    24.7%    39.3%    +12.7%p
  3 재도전권          1     10    25.3%    39.7%    +13.1%p
  3 재도전권          1     20    25.8%    40.0%    +13.4%p
  3 재도전권          1     40    29.7%    45.9%    +19.3%p
  3 재도전권          2      0    37.3%    53.1%    +26.5%p
  3 재도전권          2     10    38.2%    54.1%    +27.5%p
  3 재도전권          2     20    40.4%    55.4%    +28.7%p
  3 재도전권          2     40    42.4%    61.8%    +35.2%p
  ------------------------------------------------------------------
