Warning 3: Cannot find gdalvrt.xsd (GDAL_DATA is not defined)
공릉 일대 임의 지점쌍 난이도 분포 | MC 1500판/루트 (오차 ±2.6%p)
  지도 노드 912 | 중심 1400m 안 후보 노드 265

  24개 루트 확보 (126회 시도)

  #   도보(분) | 기준선       | 재도전2:1    | 재도전3:1   
  ----------------------------------------------------
   1     28.3   |     35.2% |     59.7% |     66.1%
   2     27.1   |     28.7% |     56.1% |     66.1%
   3     25.6   |     43.5% |     62.3% |     68.2%
   4     30.3   |     30.9% |     44.7% |     49.3%
   5     31.7   |     53.9% |     72.8% |     78.5%
   6     25.1   |     34.1% |     63.5% |     71.1%
   7     25.3   |     46.5% |     68.7% |     78.4%
   8     28.3   |     35.1% |     56.4% |     62.2%
   9     30.2   |     28.1% |     49.5% |     59.6%
  10     27.0   |     44.3% |     67.9% |     75.3%
  11     31.9   |     41.3% |     67.8% |     72.6%
  12     26.7   |     49.9% |     69.8% |     74.6%
  13     30.5   |     34.8% |     57.7% |     64.5%
  14     30.7   |     40.7% |     63.3% |     70.3%
  15     30.7   |     33.1% |     52.5% |     59.9%
  16     27.7   |     49.1% |     70.4% |     79.3%
  17     31.5   |     40.0% |     66.5% |     74.5%
  18     28.6   |     51.1% |     72.9% |     79.4%
  19     30.2   |     29.1% |     52.1% |     62.0%
  20     29.0   |     32.5% |     46.3% |     52.2%
  21     26.6   |     37.0% |     61.4% |     69.6%
  22     30.9   |     32.5% |     50.2% |     53.2%
  23     29.3   |     44.5% |     66.7% |     72.3%
  24     30.2   |     56.7% |     80.5% |     86.0%

  === 분포 ===
  구성        최소     중앙값    최대    폭      45~55%% 비율
  ------------------------------------------------------------
  기준선          28.1%    38.5%    56.7%   28.6%p      21%
  재도전2:1       44.7%    62.8%    80.5%   35.8%p      21%
  재도전3:1       49.3%    69.9%    86.0%   36.7%p      12%

  ※ 중앙값이 50%에 가깝고 폭이 좁아야 '동네 아무 데서나 공정'하다.
     폭이 크면 아이템이 아니라 출발/도착 지점 선정이 밸런스를 지배한다.
