Warning 3: Cannot find gdalvrt.xsd (GDAL_DATA is not defined)
4:2 아이템 분배 탐색 | MC 2500판 (오차 ±2.0%p)
  방해 없는 도보 29.5분 | 기준선 90분 27.1%

  === 좋은 순서 (균형 + 안정) ===
  순위  원정대  쉐도우 | 90분 θ=40   θ=0  | 편차 | 점수
  --------------------------------------------------------------
    1   0/0/2   0/0/1  |   51.7%   47.6% |  4.1 | 0.038
    2   0/0/2   0/1/1  |   47.7%   43.9% |  3.8 | 0.042
    3   0/1/2   0/1/1  |   51.8%   45.1% |  6.8 | 0.052
    4   1/0/2   0/1/1  |   52.2%   45.1% |  7.1 | 0.058
    5   0/1/1   0/1/0  |   50.9%   40.7% | 10.2 | 0.060
    6   0/0/3   0/1/1  |   55.8%   54.7% |  1.1 | 0.064
    7   2/0/1   0/1/1  |   48.2%   39.0% |  9.1 | 0.064
    8   0/2/1   0/0/1  |   44.4%   42.6% |  1.8 | 0.065
    9   0/2/1   0/1/0  |   54.2%   49.7% |  4.5 | 0.065
   10   1/1/1   0/1/1  |   46.8%   39.0% |  7.8 | 0.071
   11   0/0/1   0/0/0  |   46.4%   39.4% |  7.0 | 0.071
   12   0/1/2   0/0/1  |   55.6%   50.5% |  5.0 | 0.081
   13   1/1/1   0/0/1  |   53.4%   42.6% | 10.8 | 0.088
   14   1/0/1   0/0/1  |   44.0%   38.3% |  5.7 | 0.089
   15   1/0/1   0/1/0  |   53.2%   40.7% | 12.5 | 0.094

  === 쉐도우 구성별 최선 ===
  쉐도우  | 원정대  | 90분 θ=40   θ=0  | 편차
  ----------------------------------------------------
  0/0/0   | 0/0/1   |   46.4%   39.4% |  7.0
  0/1/0   | 0/1/1   |   50.9%   40.7% | 10.2
  0/0/1   | 0/0/2   |   51.7%   47.6% |  4.1
  0/1/1   | 0/0/2   |   47.7%   43.9% |  3.8
