Warning 3: Cannot find gdalvrt.xsd (GDAL_DATA is not defined)
4:2 / 60분 기준 | MC 2500판 (오차 ±2.0%p) | 쉐도우 무조건승리 없음
  방해 없는 도보 29.5분 | 기준선 60분 13.1% / 90분 27.1%

  === 60분 기준 좋은 순서 ===
  순위  원정대  쉐도우 | 60분 θ=40   θ=0  | 편차 | (참고)90분 θ=40
  ----------------------------------------------------------------------
    1   1/0/3   0/1/0  |   49.2%   48.9% |  0.4 |       72.3%
    2   0/0/3   0/0/0  |   48.2%   49.6% |  1.4 |       72.6%
    3   0/2/2   0/1/0  |   47.2%   47.6% |  0.4 |       68.1%
    4   0/1/3   0/1/0  |   47.5%   48.9% |  1.4 |       71.4%
    5   0/1/2   0/0/0  |   50.6%   44.7% |  5.9 |       68.3%
    6   0/2/2   0/0/0  |   53.2%   51.9% |  1.2 |       72.2%
    7   1/0/2   0/0/0  |   50.8%   44.7% |  6.2 |       71.0%
    8   0/0/4   0/0/0  |   49.9%   57.6% |  7.7 |       77.3%
    9   0/1/3   0/0/0  |   53.9%   55.4% |  1.5 |       76.4%
   10   1/1/2   0/1/0  |   52.5%   47.6% |  4.9 |       72.8%
   11   1/1/1   0/0/0  |   50.1%   39.8% | 10.3 |       66.0%
   12   1/0/3   0/0/0  |   55.2%   55.4% |  0.2 |       78.3%
   13   1/1/3   0/1/0  |   55.8%   55.9% |  0.1 |       79.2%
   14   2/1/2   0/0/1  |   52.1%   44.4% |  7.7 |       76.8%
   15   2/1/2   0/1/1  |   46.2%   41.7% |  4.5 |       69.0%

  === 쉐도우 구성별 최선 (60분) ===
  쉐도우  | 원정대  | 60분 θ=40   θ=0  | 편차 | 90분 θ=40
  --------------------------------------------------------------
  0/0/0   | 0/0/3   |   48.2%   49.6% |  1.4 |     72.6%
  0/1/0   | 1/0/3   |   49.2%   48.9% |  0.4 |     72.3%
  0/0/1   | 2/1/2   |   52.1%   44.4% |  7.7 |     76.8%
  0/1/1   | 2/1/2   |   46.2%   41.7% |  4.5 |     69.0%

  ※ 90분 열은 30분 연장권을 쓴 경우다. 60분을 50%로 맞추면
     연장권까지 쓸 때 원정대가 그만큼 더 유리해진다는 뜻이므로,
     연장권에 비용을 붙이거나 60분 목표를 45% 아래로 잡는 편이 낫다.
